      Step     Time          Energy          fmax
BFGS:    0 17:16:21     -110.534241        0.648006
BFGS:    1 17:16:22     -110.587494        0.595342
BFGS:    2 17:16:23     -110.896042        0.373206
BFGS:    3 17:16:23     -110.956123        0.460129
BFGS:    4 17:16:24     -111.034134        0.504654
BFGS:    5 17:16:24     -111.121239        0.464852
BFGS:    6 17:16:25     -111.214005        0.342104
BFGS:    7 17:16:25     -111.282478        0.192313
BFGS:    8 17:16:25     -111.319565        0.049891
      Step     Time          Energy          fmax
BFGS:    0 17:16:26        0.090456        0.000000
      Step     Time          Energy          fmax
BFGS:    0 17:16:26     -111.941879        0.169917
BFGS:    1 17:16:26     -111.944252        0.147849
BFGS:    2 17:16:27     -111.954361        0.107959
BFGS:    3 17:16:27     -111.954681        0.105388
BFGS:    4 17:16:28     -111.957024        0.052846
BFGS:    5 17:16:28     -111.957306        0.034200
      Step     Time          Energy          fmax
BFGS:    0 17:16:29     -111.939865        0.159671
BFGS:    1 17:16:29     -111.942078        0.138567
BFGS:    2 17:16:29     -111.951569        0.101279
BFGS:    3 17:16:30     -111.951874        0.098753
BFGS:    4 17:16:30     -111.954018        0.049039
      Step     Time          Energy          fmax
BFGS:    0 17:16:31     -111.617798        1.734664
BFGS:    1 17:16:31     -111.685921        1.304707
BFGS:    2 17:16:32     -111.789032        0.332703
BFGS:    3 17:16:32     -111.798164        0.085701
BFGS:    4 17:16:33     -111.799225        0.065643
BFGS:    5 17:16:33     -111.799530        0.058249
BFGS:    6 17:16:33     -111.800087        0.034165
      Step     Time          Energy          fmax
BFGS:    0 17:16:34     -111.921585        0.242595
BFGS:    1 17:16:34     -111.924606        0.211645
BFGS:    2 17:16:35     -111.935791        0.056982
BFGS:    3 17:16:35     -111.936058        0.059529
BFGS:    4 17:16:35     -111.937515        0.057324
BFGS:    5 17:16:36     -111.937996        0.042924
