      Step     Time          Energy          fmax
BFGS:    0 16:59:08     -113.297791        0.272140
BFGS:    1 16:59:08     -113.311615        0.266174
BFGS:    2 16:59:09     -113.643517        0.091131
BFGS:    3 16:59:09     -113.669998        0.080486
BFGS:    4 16:59:09     -113.675484        0.072957
BFGS:    5 16:59:09     -113.676758        0.066369
BFGS:    6 16:59:09     -113.680756        0.039008
      Step     Time          Energy          fmax
BFGS:    0 16:59:09        0.337893        0.000000
      Step     Time          Energy          fmax
BFGS:    0 16:59:10     -114.173416        0.445887
BFGS:    1 16:59:10     -114.177071        0.445910
BFGS:    2 16:59:10     -114.197922        0.475821
BFGS:    3 16:59:10     -114.222168        0.290783
BFGS:    4 16:59:11     -114.228882        0.130970
BFGS:    5 16:59:11     -114.229797        0.130274
BFGS:    6 16:59:11     -114.237068        0.070011
BFGS:    7 16:59:11     -114.237968        0.045641
      Step     Time          Energy          fmax
BFGS:    0 16:59:11     -114.170280        0.454128
BFGS:    1 16:59:12     -114.174057        0.454266
BFGS:    2 16:59:12     -114.195435        0.477512
BFGS:    3 16:59:12     -114.220078        0.289759
BFGS:    4 16:59:12     -114.226540        0.132371
BFGS:    5 16:59:13     -114.227417        0.129214
BFGS:    6 16:59:13     -114.235008        0.053778
BFGS:    7 16:59:13     -114.235519        0.040878
      Step     Time          Energy          fmax
BFGS:    0 16:59:13     -113.956909        1.368864
BFGS:    1 16:59:14     -114.000381        0.947514
BFGS:    2 16:59:14     -114.050133        0.258011
BFGS:    3 16:59:14     -114.057083        0.082839
BFGS:    4 16:59:14     -114.058144        0.077460
BFGS:    5 16:59:15     -114.058815        0.065082
BFGS:    6 16:59:15     -114.059448        0.054038
BFGS:    7 16:59:15     -114.060013        0.051460
BFGS:    8 16:59:15     -114.060341        0.032784
       Step     Time          Energy          fmax
LBFGS:    0 16:59:15     -114.170807        0.367398
LBFGS:    1 16:59:16     -114.173248        0.344790
LBFGS:    2 16:59:16     -114.191933        0.120851
LBFGS:    3 16:59:16     -114.192879        0.143733
LBFGS:    4 16:59:16     -114.194046        0.137566
LBFGS:    5 16:59:16     -114.197510        0.118873
LBFGS:    6 16:59:17     -114.199203        0.074827
LBFGS:    7 16:59:17     -114.200142        0.048143
